<?xml version="1.0" encoding="UTF-8"?>
<testsuites name="Mocha Tests" time="9.4370" tests="1" failures="0">
  <testsuite name="Root Suite" timestamp="2021-05-19T23:37:38" tests="0" file="cypress/integration/palette-colors.spec.js" time="0.0000" failures="0">
  </testsuite>
  <testsuite name="Visual Regression Testing under Palette Color" timestamp="2021-05-19T23:37:38" tests="1" time="9.4370" failures="0">
    <testcase name="Visual Regression Testing under Palette Color visits https://lsolier.github.io/color-palette/ and take screenshots" time="9.4370" classname="visits https://lsolier.github.io/color-palette/ and take screenshots">
    </testcase>
  </testsuite>
</testsuites>